[{"status":"UNCHANGED","key":"chars1","data":["a","b","c"],"changedData":null},{"status":"CHANGED","key":"chars2","data":["d","e","f"],"changedData":false},{"status":"CHANGED","key":"checked","data":false,"changedData":true},{"status":"CHANGED","key":"default","data":"null","changedData":["value1","value2"]},{"status":"CHANGED","key":"id","data":45,"changedData":"null"},{"status":"DELETED","key":"key1","data":"value1","changedData":null},{"status":"ADDED","key":"key2","data":"value2","changedData":null},{"status":"UNCHANGED","key":"numbers1","data":[1,2,3,4],"changedData":null},{"status":"CHANGED","key":"numbers2","data":[2,3,4,5],"changedData":[22,33,44,55]},{"status":"DELETED","key":"numbers3","data":[3,4,5],"changedData":null},{"status":"ADDED","key":"numbers4","data":[4,5,6],"changedData":null},{"status":"ADDED","key":"obj1","data":{"nestedKey":"value","isNested":true},"changedData":null},{"status":"CHANGED","key":"setting1","data":"Some value","changedData":"Another value"},{"status":"CHANGED","key":"setting2","data":200,"changedData":300},{"status":"CHANGED","key":"setting3","data":true,"changedData":"none"}]